// Jest Snapshot v1, https://goo.gl/fbAQLP

exports[`<Avatar /> should render a div 1`] = `null`;
